// Vitest Snapshot v1

exports[`validation-test ember@3.28 LTS > graph 1`] = `
"[STARTED] Analyzing project dependency graph
[DATA] Graph order for '.':
[DATA] 
[DATA] app/adapters/application.js
[DATA] app/app.js
[DATA] app/components/map.js
[DATA] app/components/rental/image.js
[DATA] app/components/rentals.js
[DATA] app/components/rentals/filter.js
[DATA] app/services/locale.js
[DATA] app/components/share-button.js
[DATA] app/models/rental.js
[DATA] app/router.js
[DATA] app/routes/rental.js
[DATA] app/serializers/application.js
[DATA] tests/acceptance/super-rentals-test.js
[DATA] tests/integration/components/jumbo-test.js
[DATA] tests/integration/components/map-test.js
[DATA] tests/integration/components/rental-test.js
[DATA] tests/integration/components/rental/detailed-test.js
[DATA] tests/integration/components/rental/image-test.js
[DATA] tests/integration/components/rentals-test.js
[DATA] tests/integration/components/share-button-test.js
[DATA] tests/test-helper.js
[DATA] tests/unit/models/rental-test.js
[SUCCESS] Analyzing project dependency graph"
`;
